ExpansionTraderQuinn.Consumables|13442.9 65.43 12132.8|90 0.000000 0.000000|Jeans_Blue,DenimJacket,SurgicalGloves_White,BaseballCap_Blue,AthleticShoes_Blue,CivilianBelt
ExpansionTraderGabi.BlackMarket|13443.6 65.54 12124.3|10 0.000000 -0.000000|MilitaryBoots_Black,Jeans_Blue,RidersJacket_Black,MountainBag_Red
ExpansionTraderIndar.BlackWeapons|13439.5 65.54 12132|0 0.000000 -0.000000|MilitaryBoots_Black,FS_RusVKPO_Pants,FS_RusVKPO_jacket,SmershBag
ExpansionTraderIndar.CultGeneral|391.213 145.706 4717.33|60 0.000000 -0.000000|MilitaryBoots_Black,FS_RusVKPO_Pants,LeatherJacket_Black,Armband_CDF,JVDS_WolfMask
ExpansionTraderDenis.CultBiological|391.959 145.13 4727.73|120 0.000000 -0.000000|JVDS_Mickey_mouse_gas_mask,LeatherJacket_Natural,LeatherPants_Black,MilitaryBoots_Black,Armband_CDF
ExpansionTraderQuinn.Consumables|8111.89 249.448 10987.2|95 0.000000 0.000000|Jeans_Blue,DenimJacket,SurgicalGloves_White,BaseballCap_Blue,AthleticShoes_Blue,CivilianBelt
ExpansionTraderDenis.Clothing|8104.17 255.028 10930.5|320 0.000000 -0.000000|SurgicalMask,FlatCap_BlackCheck,DressShoes_Brown,CivilianBelt,SlacksPants_Blue,ManSuit_Blue
ExpansionTraderMaria.Modded_Clothing|8104.66 255.028 10933.4|240 0.000000 -0.000000|QuiltedJacket_Violet,Breeches_Beetcheck,SurgicalGloves_White,ThinFramesGlasses,BaseballCap_Pink,JoggingShoes_Violet,TaloonBag_Violet,Armband_Pink
ExpansionTraderNaomi.Vehicle_Parts|8149.45 260.025 10957.8|120 0.000000 -0.000000|SurgicalMask,WorkingBoots_Brown,BaseballCap_Beige,ReflexVest,QuiltedJacket_Grey,CargoPants_Grey
ExpansionTraderIndar.Components|8101.59 255.017 10926.7|255 0.000000 -0.000000|ParamedicJacket_Blue,ParamedicPants_Blue,PoliceVest,NioshFaceMask,NBCGlovesGray,FlatCap_Blue,HikingBootsLow_Blue,MountainBag_Blue
ExpansionTraderNiki.BuildingSupplies|8098.51 252.779 10969.2|120 0.000000 0.000000|ParamedicJacket_Blue,ParamedicPants_Blue,PoliceVest,NioshFaceMask,NBCGlovesGray,FlatCap_Blue,HikingBootsLow_Blue,MountainBag_Blue
ExpansionTraderJudy.Medicals|8126.98 248.129 11021|180 0.000000 -0.000000|MilitaryBoots_Black,ParamedicPants_Crimson,SurgicalMask,SurgicalGloves_Green,ParamedicJacket_Crimson,ParamedicPants_Blue,MountainBag_Red
ExpansionTraderGabi.Special|8100.76 255.017 10923.7|317 0.000000 -0.000000|BallisticHelmet_Black,GorkaEJacket_Flat,GorkaPants_Flat,HikingBoots_Black,TacticalGloves_Black
ExpansionTraderNaomi.Weapons|8084.54 255.165 10942|140 0.000000 -0.000000|HunterPants_Spring,HuntingJacket_Summer,Balaclava3Holes_Black,CowboyHat_black,CombatBoots_Green,MilitaryBelt,HuntingBag,Armband_Black
ExpansionTraderSeth.Attachments|8084.28 255.165 10939.2|70 0.000000 -0.000000|CargoPants_Green,M65Jacket_Khaki,UKAssVest_Black,WorkingGloves_Black,AviatorGlasses,PilotkaCap,TTSKOBoots,AssaultBag_Black
ExpansionTraderBoris.Exchange|8135.79 249.495 10990.4|330 0.000000 -0.000000|BallisticHelmet_Black,GorkaEJacket_Flat,GorkaPants_Flat,HikingBoots_Black,TacticalGloves_Black
ExpansionTraderRolf.Vehicles|8159.39 260.604 10951.5|300 0.000000 -0.000000|SurgicalMask,WorkingBoots_Brown,BaseballCap_Beige,ReflexVest,QuiltedJacket_Grey,CargoPants_Grey
ExpansionTraderGabi.SupportersGeneral|8110.03 248.129 11023.8|80 0.000000 -0.000000|MilitaryBoots_Black,Jeans_Blue,RidersJacket_Black,MountainBag_Red